// Bun Snapshot v1, https://bun.sh/docs/test/snapshots

exports[`Libre Link Up API Integrity should successfully login 1`] = `
{
  "accountType": "string",
  "communicationLanguage": "string",
  "consents": {
    "llu": {
      "policyAccept": "number",
      "touAccept": "number",
    },
    "realWorldEvidence": {
      "history": "array",
      "policyAccept": "number",
      "touAccept": "number",
    },
  },
  "country": "string",
  "created": {},
  "dateFormat": "string",
  "dateOfBirth": {},
  "details": {},
  "devices": {
    "a1b2c3d4-e5f6-1789-9abc-def012345678": "undefined",
  },
  "email": "string",
  "emailDay": "array",
  "firstName": "string",
  "id": "string",
  "lastLogin": {},
  "lastName": "string",
  "practices": {},
  "programs": {},
  "system": {
    "messages": {
      "appReviewBanner": "number",
      "firstUsePhoenix": "number",
      "firstUsePhoenixReportsDataMerged": "number",
      "lluGettingStartedBanner": "number",
      "lluNewFeatureModal": "number",
      "lluOnboarding": "number",
      "lvWebPostRelease": "string",
      "streamingTourMandatory": "number",
    },
  },
  "timeFormat": "string",
  "twoFactor": {
    "primaryMethod": "string",
    "primaryValue": "string",
    "secondaryMethod": "string",
    "secondaryValue": "string",
  },
  "uiLanguage": "string",
  "uom": "string",
}
`;
